127.0.0.1 - - [01/Jan/2021:14:08:46 -0600] "GET / HTTP/1.1" 404 751
127.0.0.1 - - [01/Jan/2021:15:10:47 -0600] "GET / HTTP/1.1" 404 751
0:0:0:0:0:0:0:1 - - [01/Jan/2021:15:11:19 -0600] "GET /login.do HTTP/1.1" 404 759
0:0:0:0:0:0:0:1 - - [01/Jan/2021:15:17:08 -0600] "POST /project1/ HTTP/1.1" 404 764
0:0:0:0:0:0:0:1 - - [01/Jan/2021:15:17:21 -0600] "POST /project1/login.do HTTP/1.1" 404 772
0:0:0:0:0:0:0:1 - - [01/Jan/2021:15:17:25 -0600] "GET /project1/login.do HTTP/1.1" 404 772
0:0:0:0:0:0:0:1 - - [01/Jan/2021:15:18:35 -0600] "GET /project1/ HTTP/1.1" 404 764
0:0:0:0:0:0:0:1 - - [01/Jan/2021:15:18:42 -0600] "GET /project1/login.do HTTP/1.1" 404 772
127.0.0.1 - - [01/Jan/2021:15:22:28 -0600] "GET / HTTP/1.1" 404 751
127.0.0.1 - - [01/Jan/2021:15:24:49 -0600] "GET / HTTP/1.1" 404 751
0:0:0:0:0:0:0:1 - - [01/Jan/2021:15:25:02 -0600] "GET /project1/login.do HTTP/1.1" 404 772
0:0:0:0:0:0:0:1 - - [01/Jan/2021:15:25:12 -0600] "GET /project1/ HTTP/1.1" 404 764
0:0:0:0:0:0:0:1 - - [01/Jan/2021:15:25:45 -0600] "GET / HTTP/1.1" 404 751
0:0:0:0:0:0:0:1 - - [01/Jan/2021:15:25:50 -0600] "GET /login.do HTTP/1.1" 404 759
0:0:0:0:0:0:0:1 - - [01/Jan/2021:15:26:03 -0600] "GET /project1/login.do HTTP/1.1" 404 772
0:0:0:0:0:0:0:1 - - [01/Jan/2021:15:26:38 -0600] "GET /project1/ HTTP/1.1" 404 764
0:0:0:0:0:0:0:1 - - [01/Jan/2021:15:31:32 -0600] "GET / HTTP/1.1" 404 751
0:0:0:0:0:0:0:1 - - [01/Jan/2021:15:32:24 -0600] "GET /DispatcherServlet/ HTTP/1.1" 404 773
0:0:0:0:0:0:0:1 - - [01/Jan/2021:15:32:34 -0600] "GET /DispatcherServlet/login.do HTTP/1.1" 404 781
0:0:0:0:0:0:0:1 - - [01/Jan/2021:15:33:27 -0600] "GET /project1/ HTTP/1.1" 404 764
0:0:0:0:0:0:0:1 - - [01/Jan/2021:15:33:54 -0600] "GET /project1/project HTTP/1.1" 404 771
0:0:0:0:0:0:0:1 - - [01/Jan/2021:15:33:59 -0600] "GET /project1/project/ HTTP/1.1" 404 776
0:0:0:0:0:0:0:1 - - [01/Jan/2021:15:34:03 -0600] "GET /project1/project HTTP/1.1" 404 771
0:0:0:0:0:0:0:1 - - [01/Jan/2021:15:34:09 -0600] "GET /project1/ HTTP/1.1" 404 764
0:0:0:0:0:0:0:1 - - [01/Jan/2021:15:34:26 -0600] "GET /project1/project/ HTTP/1.1" 404 776
0:0:0:0:0:0:0:1 - - [01/Jan/2021:15:34:36 -0600] "GET /project1/ HTTP/1.1" 404 764
0:0:0:0:0:0:0:1 - - [01/Jan/2021:15:34:39 -0600] "GET /project1 HTTP/1.1" 404 759
0:0:0:0:0:0:0:1 - - [01/Jan/2021:15:36:20 -0600] "GET /urlinfo HTTP/1.1" 404 758
0:0:0:0:0:0:0:1 - - [01/Jan/2021:15:37:18 -0600] "GET /urlinfo HTTP/1.1" 404 758
0:0:0:0:0:0:0:1 - - [01/Jan/2021:15:37:24 -0600] "GET /project/ HTTP/1.1" 404 763
0:0:0:0:0:0:0:1 - - [01/Jan/2021:15:37:26 -0600] "GET /project HTTP/1.1" 404 758
0:0:0:0:0:0:0:1 - - [01/Jan/2021:15:37:30 -0600] "GET /project/ HTTP/1.1" 404 763
0:0:0:0:0:0:0:1 - - [01/Jan/2021:15:38:22 -0600] "GET /project HTTP/1.1" 404 758
0:0:0:0:0:0:0:1 - - [01/Jan/2021:15:38:26 -0600] "GET /project/ HTTP/1.1" 404 763
0:0:0:0:0:0:0:1 - - [01/Jan/2021:15:38:28 -0600] "GET /project/ HTTP/1.1" 404 763
127.0.0.1 - - [01/Jan/2021:15:39:39 -0600] "GET / HTTP/1.1" 404 751
0:0:0:0:0:0:0:1 - - [01/Jan/2021:15:39:56 -0600] "GET /CafeWeb/cafe HTTP/1.1" 404 767
0:0:0:0:0:0:0:1 - - [01/Jan/2021:15:40:14 -0600] "GET /CafeWeb/cafe/getMenuItem HTTP/1.1" 404 783
0:0:0:0:0:0:0:1 - - [01/Jan/2021:15:40:23 -0600] "GET /CafeWeb/cafe HTTP/1.1" 404 767
0:0:0:0:0:0:0:1 - - [01/Jan/2021:15:40:25 -0600] "GET /CafeWeb/cafe HTTP/1.1" 404 767
0:0:0:0:0:0:0:1 - - [01/Jan/2021:15:40:30 -0600] "POST /CafeWeb/cafe HTTP/1.1" 404 767
0:0:0:0:0:0:0:1 - - [01/Jan/2021:15:40:56 -0600] "POST /CafeWeb/cafe/api HTTP/1.1" 404 775
0:0:0:0:0:0:0:1 - - [01/Jan/2021:15:41:02 -0600] "GET /CafeWeb/cafe/api HTTP/1.1" 404 775
127.0.0.1 - - [01/Jan/2021:15:44:15 -0600] "GET / HTTP/1.1" 404 751
0:0:0:0:0:0:0:1 - - [01/Jan/2021:16:06:01 -0600] "GET /project1/api HTTP/1.1" 404 767
0:0:0:0:0:0:0:1 - - [01/Jan/2021:16:06:04 -0600] "GET /project1/api/ HTTP/1.1" 404 772
0:0:0:0:0:0:0:1 - - [01/Jan/2021:16:06:23 -0600] "GET /project1/ HTTP/1.1" 404 764
0:0:0:0:0:0:0:1 - - [01/Jan/2021:16:06:29 -0600] "GET /project1/api/ HTTP/1.1" 404 772
0:0:0:0:0:0:0:1 - - [01/Jan/2021:16:06:35 -0600] "GET /project1/api HTTP/1.1" 404 767
0:0:0:0:0:0:0:1 - - [01/Jan/2021:16:08:36 -0600] "GET /project1/ HTTP/1.1" 404 764
0:0:0:0:0:0:0:1 - - [01/Jan/2021:16:10:36 -0600] "GET /project1/FrontContoller/ HTTP/1.1" 404 783
0:0:0:0:0:0:0:1 - - [01/Jan/2021:16:10:41 -0600] "GET /project1/FrontContoller/api/ HTTP/1.1" 404 791
0:0:0:0:0:0:0:1 - - [01/Jan/2021:16:11:10 -0600] "GET /project1/FrontContoller/ HTTP/1.1" 404 783
0:0:0:0:0:0:0:1 - - [01/Jan/2021:16:11:24 -0600] "GET /project1/FrontContoller/ HTTP/1.1" 404 783
0:0:0:0:0:0:0:1 - - [01/Jan/2021:16:11:30 -0600] "GET /project1/FrontContoller/ HTTP/1.1" 404 783
0:0:0:0:0:0:0:1 - - [01/Jan/2021:16:11:40 -0600] "GET /project1/FrontContoller/ HTTP/1.1" 404 783
0:0:0:0:0:0:0:1 - - [01/Jan/2021:16:11:44 -0600] "GET /project1/FrontContoller/ HTTP/1.1" 404 783
127.0.0.1 - - [01/Jan/2021:16:11:59 -0600] "GET / HTTP/1.1" 404 751
0:0:0:0:0:0:0:1 - - [01/Jan/2021:16:12:02 -0600] "GET /project1/FrontContoller/ HTTP/1.1" 404 783
0:0:0:0:0:0:0:1 - - [01/Jan/2021:16:12:04 -0600] "GET /project1/FrontContoller/ HTTP/1.1" 404 783
0:0:0:0:0:0:0:1 - - [01/Jan/2021:16:13:51 -0600] "GET /project1/ HTTP/1.1" 404 764
0:0:0:0:0:0:0:1 - - [01/Jan/2021:16:13:57 -0600] "GET /project1/api HTTP/1.1" 404 767
0:0:0:0:0:0:0:1 - - [01/Jan/2021:16:14:05 -0600] "GET /project1/api/ HTTP/1.1" 404 772
0:0:0:0:0:0:0:1 - - [01/Jan/2021:16:16:41 -0600] "GET /project1/ HTTP/1.1" 404 764
0:0:0:0:0:0:0:1 - - [01/Jan/2021:16:16:57 -0600] "GET /project1/ HTTP/1.1" 404 764
0:0:0:0:0:0:0:1 - - [01/Jan/2021:16:17:03 -0600] "GET /project1/api/ HTTP/1.1" 404 772
0:0:0:0:0:0:0:1 - - [01/Jan/2021:16:26:44 -0600] "GET /project1/api/request HTTP/1.1" 404 779
127.0.0.1 - - [01/Jan/2021:16:27:40 -0600] "GET / HTTP/1.1" 404 751
0:0:0:0:0:0:0:1 - - [01/Jan/2021:16:27:43 -0600] "GET /project1/api/register HTTP/1.1" 404 780
0:0:0:0:0:0:0:1 - - [01/Jan/2021:16:27:49 -0600] "POST /project1/api/register HTTP/1.1" 404 780
127.0.0.1 - - [01/Jan/2021:16:31:30 -0600] "GET / HTTP/1.1" 404 751
0:0:0:0:0:0:0:1 - - [01/Jan/2021:16:31:40 -0600] "GET /project1/api/login HTTP/1.1" 404 777
0:0:0:0:0:0:0:1 - - [01/Jan/2021:16:31:49 -0600] "POST /project1/api/register HTTP/1.1" 404 780
0:0:0:0:0:0:0:1 - - [01/Jan/2021:16:32:00 -0600] "GET /project1/api/login HTTP/1.1" 404 777
127.0.0.1 - - [01/Jan/2021:16:50:40 -0600] "GET / HTTP/1.1" 404 751
0:0:0:0:0:0:0:1 - - [01/Jan/2021:16:50:47 -0600] "GET /project1/api/login HTTP/1.1" 404 777
0:0:0:0:0:0:0:1 - - [01/Jan/2021:16:50:52 -0600] "GET /project1/api/ HTTP/1.1" 404 772
0:0:0:0:0:0:0:1 - - [01/Jan/2021:16:50:59 -0600] "GET /project1/ HTTP/1.1" 404 764
0:0:0:0:0:0:0:1 - - [01/Jan/2021:16:51:06 -0600] "GET /project1/api/ HTTP/1.1" 404 772
127.0.0.1 - - [01/Jan/2021:16:54:08 -0600] "GET / HTTP/1.1" 404 751
0:0:0:0:0:0:0:1 - - [01/Jan/2021:16:54:09 -0600] "GET /project1/servlet/com.revature.request.DispatcherServlet HTTP/1.1" 404 814
0:0:0:0:0:0:0:1 - - [01/Jan/2021:16:54:32 -0600] "GET /project1/api HTTP/1.1" 404 784
0:0:0:0:0:0:0:1 - - [01/Jan/2021:16:54:45 -0600] "GET /project1/api/ HTTP/1.1" 500 80951
0:0:0:0:0:0:0:1 - - [01/Jan/2021:16:54:59 -0600] "GET /project1/api/login HTTP/1.1" 500 35781
127.0.0.1 - - [01/Jan/2021:16:56:48 -0600] "GET / HTTP/1.1" 404 751
0:0:0:0:0:0:0:1 - - [01/Jan/2021:16:56:48 -0600] "GET /project1/api HTTP/1.1" 404 784
0:0:0:0:0:0:0:1 - - [01/Jan/2021:16:56:59 -0600] "GET /project1/api HTTP/1.1" 404 784
0:0:0:0:0:0:0:1 - - [01/Jan/2021:16:57:17 -0600] "GET /project1/api HTTP/1.1" 404 784
0:0:0:0:0:0:0:1 - - [01/Jan/2021:16:57:37 -0600] "GET /project1/api/ HTTP/1.1" 500 80089
0:0:0:0:0:0:0:1 - - [01/Jan/2021:16:58:00 -0600] "GET /project1/api/login HTTP/1.1" 500 35235
127.0.0.1 - - [01/Jan/2021:16:58:35 -0600] "GET / HTTP/1.1" 404 751
0:0:0:0:0:0:0:1 - - [01/Jan/2021:16:58:40 -0600] "GET /project1/api/login HTTP/1.1" 404 777
0:0:0:0:0:0:0:1 - - [01/Jan/2021:16:58:46 -0600] "GET /project1/api HTTP/1.1" 404 767
0:0:0:0:0:0:0:1 - - [01/Jan/2021:16:58:52 -0600] "GET /project1/api/login HTTP/1.1" 404 777
127.0.0.1 - - [01/Jan/2021:16:59:04 -0600] "GET / HTTP/1.1" 404 751
0:0:0:0:0:0:0:1 - - [01/Jan/2021:16:59:13 -0600] "GET /project1/api HTTP/1.1" 404 784
0:0:0:0:0:0:0:1 - - [01/Jan/2021:16:59:27 -0600] "GET /project1/api/login HTTP/1.1" 404 777
0:0:0:0:0:0:0:1 - - [01/Jan/2021:17:04:08 -0600] "GET /project1/api/login HTTP/1.1" 404 777
0:0:0:0:0:0:0:1 - - [01/Jan/2021:17:14:28 -0600] "GET /project1/login.html HTTP/1.1" 200 364
0:0:0:0:0:0:0:1 - - [01/Jan/2021:17:15:03 -0600] "GET /project1/LoginController?username=username&password= HTTP/1.1" 404 779
0:0:0:0:0:0:0:1 - - [01/Jan/2021:17:15:12 -0600] "GET /project1/LoginController?username=username&password=password HTTP/1.1" 404 779
0:0:0:0:0:0:0:1 - - [01/Jan/2021:17:19:57 -0600] "GET /project1/api/login HTTP/1.1" 404 777
0:0:0:0:0:0:0:1 - - [01/Jan/2021:17:20:01 -0600] "GET /project1/api/login HTTP/1.1" 404 777
0:0:0:0:0:0:0:1 - - [01/Jan/2021:17:20:08 -0600] "GET /project1/api/ HTTP/1.1" 404 772
0:0:0:0:0:0:0:1 - - [01/Jan/2021:17:20:14 -0600] "GET /project1/ HTTP/1.1" 200 271
127.0.0.1 - - [01/Jan/2021:17:20:39 -0600] "GET / HTTP/1.1" 404 751
0:0:0:0:0:0:0:1 - - [01/Jan/2021:17:20:44 -0600] "GET /project1/ HTTP/1.1" 200 271
0:0:0:0:0:0:0:1 - - [01/Jan/2021:17:21:04 -0600] "GET /project1/login.html HTTP/1.1" 200 364
0:0:0:0:0:0:0:1 - - [01/Jan/2021:17:21:08 -0600] "GET /project1/login.html HTTP/1.1" 200 364
0:0:0:0:0:0:0:1 - - [01/Jan/2021:17:21:56 -0600] "GET /project1/login.html HTTP/1.1" 200 364
0:0:0:0:0:0:0:1 - - [01/Jan/2021:17:23:37 -0600] "GET /project1/api HTTP/1.1" 404 784
0:0:0:0:0:0:0:1 - - [01/Jan/2021:17:25:56 -0600] "GET /project1/api HTTP/1.1" 404 784
0:0:0:0:0:0:0:1 - - [01/Jan/2021:17:26:06 -0600] "GET /project1/api/login HTTP/1.1" 404 777
0:0:0:0:0:0:0:1 - - [01/Jan/2021:17:26:15 -0600] "GET /project1/api/login.html HTTP/1.1" 404 782
0:0:0:0:0:0:0:1 - - [01/Jan/2021:17:26:38 -0600] "GET /project1/ HTTP/1.1" 200 271
0:0:0:0:0:0:0:1 - - [01/Jan/2021:17:26:58 -0600] "GET /project1/api HTTP/1.1" 404 784
0:0:0:0:0:0:0:1 - - [01/Jan/2021:17:27:11 -0600] "GET /project1/api/login HTTP/1.1" 404 777
0:0:0:0:0:0:0:1 - - [01/Jan/2021:17:27:15 -0600] "GET /project1/api/login/ HTTP/1.1" 404 782
0:0:0:0:0:0:0:1 - - [01/Jan/2021:17:28:38 -0600] "GET /project1/ HTTP/1.1" 200 364
0:0:0:0:0:0:0:1 - - [01/Jan/2021:17:29:14 -0600] "GET /project1/LoginController?username=sdf&password=sdf HTTP/1.1" 404 779
0:0:0:0:0:0:0:1 - - [01/Jan/2021:17:30:10 -0600] "GET /project1/ HTTP/1.1" 200 364
0:0:0:0:0:0:0:1 - - [01/Jan/2021:17:30:15 -0600] "POST /project1/ HTTP/1.1" 200 364
0:0:0:0:0:0:0:1 - - [01/Jan/2021:17:31:07 -0600] "POST /project1/ HTTP/1.1" 200 364
127.0.0.1 - - [01/Jan/2021:17:31:36 -0600] "GET / HTTP/1.1" 404 751
0:0:0:0:0:0:0:1 - - [01/Jan/2021:17:31:40 -0600] "POST /project1/ HTTP/1.1" 200 364
0:0:0:0:0:0:0:1 - - [01/Jan/2021:17:31:48 -0600] "POST /project1/api HTTP/1.1" 404 767
0:0:0:0:0:0:0:1 - - [01/Jan/2021:17:31:56 -0600] "POST /project1/api HTTP/1.1" 404 767
0:0:0:0:0:0:0:1 - - [01/Jan/2021:17:32:00 -0600] "GET /project1/api HTTP/1.1" 404 767
0:0:0:0:0:0:0:1 - - [01/Jan/2021:17:32:07 -0600] "GET /project1/ HTTP/1.1" 200 364
0:0:0:0:0:0:0:1 - - [01/Jan/2021:17:32:18 -0600] "GET /project1/api HTTP/1.1" 404 767
0:0:0:0:0:0:0:1 - - [01/Jan/2021:17:32:23 -0600] "GET /project1/api/ HTTP/1.1" 404 772
0:0:0:0:0:0:0:1 - - [01/Jan/2021:17:32:33 -0600] "GET /project1/api/login HTTP/1.1" 404 777
0:0:0:0:0:0:0:1 - - [01/Jan/2021:17:32:58 -0600] "GET /project1/api/ HTTP/1.1" 404 772
0:0:0:0:0:0:0:1 - - [01/Jan/2021:17:33:02 -0600] "GET /project1/api HTTP/1.1" 404 767
0:0:0:0:0:0:0:1 - - [01/Jan/2021:17:33:05 -0600] "GET /project1/ HTTP/1.1" 200 364
0:0:0:0:0:0:0:1 - - [01/Jan/2021:17:33:14 -0600] "POST /project1/ HTTP/1.1" 200 364
0:0:0:0:0:0:0:1 - - [01/Jan/2021:17:33:40 -0600] "POST /project1/login.do HTTP/1.1" 404 772
0:0:0:0:0:0:0:1 - - [01/Jan/2021:17:33:45 -0600] "GET /project1/login.do HTTP/1.1" 404 772
0:0:0:0:0:0:0:1 - - [01/Jan/2021:17:33:50 -0600] "GET /project1/LoginController?username=username&password=password HTTP/1.1" 404 779
0:0:0:0:0:0:0:1 - - [01/Jan/2021:17:33:54 -0600] "GET /project1/LoginController?username=username&password=password HTTP/1.1" 404 779
0:0:0:0:0:0:0:1 - - [01/Jan/2021:17:34:08 -0600] "GET /project1/ HTTP/1.1" 304 -
0:0:0:0:0:0:0:1 - - [01/Jan/2021:17:34:20 -0600] "GET /project1/api/login/ HTTP/1.1" 404 782
0:0:0:0:0:0:0:1 - - [01/Jan/2021:17:34:29 -0600] "GET /project1/api/login.do HTTP/1.1" 404 780
0:0:0:0:0:0:0:1 - - [01/Jan/2021:17:34:44 -0600] "GET /project1/LoginController?username=sdf&password=sdf HTTP/1.1" 404 779
127.0.0.1 - - [01/Jan/2021:17:41:20 -0600] "GET / HTTP/1.1" 404 751
0:0:0:0:0:0:0:1 - - [01/Jan/2021:17:41:35 -0600] "GET /project1/login HTTP/1.1" 500 3442
127.0.0.1 - - [01/Jan/2021:17:44:41 -0600] "GET / HTTP/1.1" 404 751
0:0:0:0:0:0:0:1 - - [01/Jan/2021:17:44:43 -0600] "GET /project1/login HTTP/1.1" 500 3442
127.0.0.1 - - [01/Jan/2021:17:46:01 -0600] "GET / HTTP/1.1" 404 751
0:0:0:0:0:0:0:1 - - [01/Jan/2021:17:46:03 -0600] "GET /project1/login HTTP/1.1" 500 3442
0:0:0:0:0:0:0:1 - - [01/Jan/2021:17:46:35 -0600] "GET /project1/ HTTP/1.1" 200 364
0:0:0:0:0:0:0:1 - - [01/Jan/2021:17:46:43 -0600] "GET /project1/index.html HTTP/1.1" 200 364
0:0:0:0:0:0:0:1 - - [01/Jan/2021:17:46:57 -0600] "GET /project1/login.html HTTP/1.1" 200 364
0:0:0:0:0:0:0:1 - - [01/Jan/2021:17:47:03 -0600] "GET /project1/login HTTP/1.1" 404 682
0:0:0:0:0:0:0:1 - - [01/Jan/2021:17:47:40 -0600] "GET /project1/WEB-INF/classes/com/revature/controller/LoginControllerImp.java HTTP/1.1" 404 682
0:0:0:0:0:0:0:1 - - [01/Jan/2021:17:47:45 -0600] "GET /project1/ HTTP/1.1" 200 364
0:0:0:0:0:0:0:1 - - [01/Jan/2021:17:47:51 -0600] "GET /project1/login HTTP/1.1" 404 682
127.0.0.1 - - [01/Jan/2021:17:48:05 -0600] "GET / HTTP/1.1" 404 751
0:0:0:0:0:0:0:1 - - [01/Jan/2021:17:48:11 -0600] "GET /project1/login HTTP/1.1" 500 3442
0:0:0:0:0:0:0:1 - - [01/Jan/2021:17:48:50 -0600] "GET /project1/servlet/com.revature.request.DispatcherServlet HTTP/1.1" 404 814
0:0:0:0:0:0:0:1 - - [01/Jan/2021:17:50:00 -0600] "GET /project1/servlet/com.revature.request.DispatcherServlet HTTP/1.1" 404 814
0:0:0:0:0:0:0:1 - - [01/Jan/2021:17:50:08 -0600] "GET /project1/api HTTP/1.1" 404 784
0:0:0:0:0:0:0:1 - - [01/Jan/2021:17:50:11 -0600] "GET /project1/api/ HTTP/1.1" 404 772
127.0.0.1 - - [01/Jan/2021:17:52:18 -0600] "GET / HTTP/1.1" 404 751
0:0:0:0:0:0:0:1 - - [01/Jan/2021:17:52:21 -0600] "GET /project1/api/ HTTP/1.1" 404 772
0:0:0:0:0:0:0:1 - - [01/Jan/2021:17:52:27 -0600] "GET /project1/api/login HTTP/1.1" 500 3442
0:0:0:0:0:0:0:1 - - [01/Jan/2021:17:52:52 -0600] "GET /project1/api/ HTTP/1.1" 404 772
0:0:0:0:0:0:0:1 - - [01/Jan/2021:17:52:58 -0600] "GET /project1/api HTTP/1.1" 404 784
127.0.0.1 - - [01/Jan/2021:17:54:55 -0600] "GET / HTTP/1.1" 404 751
0:0:0:0:0:0:0:1 - - [01/Jan/2021:17:54:58 -0600] "GET /project1/api HTTP/1.1" 404 784
0:0:0:0:0:0:0:1 - - [01/Jan/2021:17:55:13 -0600] "GET /project1/api/login HTTP/1.1" 500 3442
127.0.0.1 - - [01/Jan/2021:17:56:12 -0600] "GET / HTTP/1.1" 404 751
0:0:0:0:0:0:0:1 - - [01/Jan/2021:17:56:14 -0600] "GET /project1/api/login HTTP/1.1" 500 3442
0:0:0:0:0:0:0:1 - - [01/Jan/2021:17:56:44 -0600] "GET /login HTTP/1.1" 404 756
0:0:0:0:0:0:0:1 - - [01/Jan/2021:17:56:52 -0600] "GET /project1/ HTTP/1.1" 200 364
0:0:0:0:0:0:0:1 - - [01/Jan/2021:17:57:04 -0600] "GET /project1/api HTTP/1.1" 404 784
0:0:0:0:0:0:0:1 - - [01/Jan/2021:17:57:15 -0600] "GET /project1/api/ HTTP/1.1" 500 80599
0:0:0:0:0:0:0:1 - - [01/Jan/2021:17:57:45 -0600] "GET /project1/api/ HTTP/1.1" 404 792
0:0:0:0:0:0:0:1 - - [01/Jan/2021:17:58:02 -0600] "GET /project1/api HTTP/1.1" 404 767
0:0:0:0:0:0:0:1 - - [01/Jan/2021:17:58:07 -0600] "GET /project1/ HTTP/1.1" 200 364
0:0:0:0:0:0:0:1 - - [01/Jan/2021:17:58:29 -0600] "POST /project1/ HTTP/1.1" 200 364
0:0:0:0:0:0:0:1 - - [01/Jan/2021:17:58:36 -0600] "PUT /project1/ HTTP/1.1" 405 685
0:0:0:0:0:0:0:1 - - [01/Jan/2021:17:58:41 -0600] "GET /project1/ HTTP/1.1" 200 364
127.0.0.1 - - [01/Jan/2021:17:59:11 -0600] "GET / HTTP/1.1" 404 751
0:0:0:0:0:0:0:1 - - [01/Jan/2021:17:59:13 -0600] "GET /project1/ HTTP/1.1" 200 364
0:0:0:0:0:0:0:1 - - [01/Jan/2021:17:59:19 -0600] "GET /project1/api HTTP/1.1" 404 784
127.0.0.1 - - [01/Jan/2021:18:04:39 -0600] "GET / HTTP/1.1" 404 751
0:0:0:0:0:0:0:1 - - [01/Jan/2021:18:04:41 -0600] "GET /project1/ HTTP/1.1" 200 364
0:0:0:0:0:0:0:1 - - [01/Jan/2021:18:04:52 -0600] "GET /FrontController HTTP/1.1" 404 766
0:0:0:0:0:0:0:1 - - [01/Jan/2021:18:04:55 -0600] "GET /FrontController/ HTTP/1.1" 404 771
0:0:0:0:0:0:0:1 - - [01/Jan/2021:18:05:04 -0600] "GET /project1/ HTTP/1.1" 200 364
0:0:0:0:0:0:0:1 - - [01/Jan/2021:18:05:11 -0600] "GET /project1/FrontController/ HTTP/1.1" 404 784
127.0.0.1 - - [01/Jan/2021:18:08:41 -0600] "GET / HTTP/1.1" 404 751
0:0:0:0:0:0:0:1 - - [01/Jan/2021:18:08:53 -0600] "GET /project1/*.do HTTP/1.1" 404 768
0:0:0:0:0:0:0:1 - - [01/Jan/2021:18:09:32 -0600] "GET /project1/FrontController/ HTTP/1.1" 404 784
0:0:0:0:0:0:0:1 - - [01/Jan/2021:18:09:36 -0600] "GET /project1/ HTTP/1.1" 200 364
0:0:0:0:0:0:0:1 - - [01/Jan/2021:18:09:46 -0600] "GET /project1/login.do HTTP/1.1" 404 772
0:0:0:0:0:0:0:1 - - [01/Jan/2021:18:09:51 -0600] "POST /project1/login.do HTTP/1.1" 404 772
0:0:0:0:0:0:0:1 - - [01/Jan/2021:18:09:57 -0600] "POST /project1/api HTTP/1.1" 404 767
0:0:0:0:0:0:0:1 - - [01/Jan/2021:18:10:00 -0600] "POST /project1/api/ HTTP/1.1" 404 772
0:0:0:0:0:0:0:1 - - [01/Jan/2021:18:10:22 -0600] "POST /project1/login.do HTTP/1.1" 404 772
0:0:0:0:0:0:0:1 - - [01/Jan/2021:18:10:53 -0600] "POST /project1/FrontController/ HTTP/1.1" 404 784
0:0:0:0:0:0:0:1 - - [01/Jan/2021:18:10:58 -0600] "POST /project1/FrontController HTTP/1.1" 404 779
127.0.0.1 - - [01/Jan/2021:18:13:42 -0600] "GET / HTTP/1.1" 404 751
0:0:0:0:0:0:0:1 - - [01/Jan/2021:18:14:00 -0600] "POST /project1/FrontController HTTP/1.1" 404 784
0:0:0:0:0:0:0:1 - - [01/Jan/2021:18:14:24 -0600] "POST /project1/FrontController/login HTTP/1.1" 404 789
127.0.0.1 - - [01/Jan/2021:18:14:50 -0600] "GET / HTTP/1.1" 404 751
0:0:0:0:0:0:0:1 - - [01/Jan/2021:18:14:55 -0600] "POST /project1/FrontController/login HTTP/1.1" 404 789
0:0:0:0:0:0:0:1 - - [01/Jan/2021:18:15:00 -0600] "POST /project1/FrontController/ HTTP/1.1" 404 784
0:0:0:0:0:0:0:1 - - [01/Jan/2021:18:15:04 -0600] "POST /project1/FrontController HTTP/1.1" 404 784
127.0.0.1 - - [01/Jan/2021:18:15:37 -0600] "GET / HTTP/1.1" 404 751
0:0:0:0:0:0:0:1 - - [01/Jan/2021:18:15:40 -0600] "POST /project1/FrontController HTTP/1.1" 404 784
0:0:0:0:0:0:0:1 - - [01/Jan/2021:18:15:51 -0600] "POST /project1/FrontController/ HTTP/1.1" 500 85245
0:0:0:0:0:0:0:1 - - [01/Jan/2021:18:16:14 -0600] "POST /project1/FrontController HTTP/1.1" 404 784
0:0:0:0:0:0:0:1 - - [01/Jan/2021:18:16:49 -0600] "POST /project1/FrontController/login HTTP/1.1" 500 41834
127.0.0.1 - - [01/Jan/2021:18:20:19 -0600] "GET / HTTP/1.1" 404 751
0:0:0:0:0:0:0:1 - - [01/Jan/2021:18:20:33 -0600] "POST /project1/FrontController/login HTTP/1.1" 500 84637
127.0.0.1 - - [01/Jan/2021:18:22:38 -0600] "GET / HTTP/1.1" 404 751
0:0:0:0:0:0:0:1 - - [01/Jan/2021:18:22:48 -0600] "POST /project1/FrontController/login HTTP/1.1" 500 84552
0:0:0:0:0:0:0:1 - - [01/Jan/2021:18:23:13 -0600] "POST /project1/FrontController/ HTTP/1.1" 500 8206
0:0:0:0:0:0:0:1 - - [01/Jan/2021:18:23:35 -0600] "POST /project1/FrontController HTTP/1.1" 404 784
127.0.0.1 - - [01/Jan/2021:18:26:16 -0600] "GET / HTTP/1.1" 404 751
0:0:0:0:0:0:0:1 - - [01/Jan/2021:18:26:22 -0600] "POST /project1/FrontController HTTP/1.1" 404 784
0:0:0:0:0:0:0:1 - - [01/Jan/2021:18:26:32 -0600] "GET /project1/FrontController HTTP/1.1" 404 784
0:0:0:0:0:0:0:1 - - [01/Jan/2021:18:26:56 -0600] "GET /project1/FrontController/index.html HTTP/1.1" 500 80599
0:0:0:0:0:0:0:1 - - [01/Jan/2021:18:27:11 -0600] "GET /project1/FrontController/ HTTP/1.1" 500 8206
0:0:0:0:0:0:0:1 - - [01/Jan/2021:18:28:37 -0600] "GET /project1/index.html HTTP/1.1" 200 364
0:0:0:0:0:0:0:1 - - [01/Jan/2021:18:33:18 -0600] "GET /project1/FrontController HTTP/1.1" 404 784
0:0:0:0:0:0:0:1 - - [01/Jan/2021:18:33:19 -0600] "GET /project1/FrontController/ HTTP/1.1" 500 2163
0:0:0:0:0:0:0:1 - - [01/Jan/2021:18:33:20 -0600] "GET /project1/FrontController HTTP/1.1" 404 784
0:0:0:0:0:0:0:1 - - [01/Jan/2021:18:33:26 -0600] "POST /project1/FrontController HTTP/1.1" 404 784
0:0:0:0:0:0:0:1 - - [01/Jan/2021:18:34:53 -0600] "GET /project1/FrontController/login HTTP/1.1" 500 37966
127.0.0.1 - - [01/Jan/2021:18:37:03 -0600] "GET / HTTP/1.1" 404 751
0:0:0:0:0:0:0:1 - - [01/Jan/2021:18:37:13 -0600] "GET /project1/FrontController/login HTTP/1.1" 500 80996
127.0.0.1 - - [01/Jan/2021:18:45:36 -0600] "GET / HTTP/1.1" 404 751
0:0:0:0:0:0:0:1 - - [01/Jan/2021:18:45:48 -0600] "GET /project1/FrontController/login HTTP/1.1" 500 80022
0:0:0:0:0:0:0:1 - - [01/Jan/2021:18:46:12 -0600] "GET /project1/FrontController HTTP/1.1" 404 784
0:0:0:0:0:0:0:1 - - [01/Jan/2021:18:46:25 -0600] "GET /project1/FrontController/ HTTP/1.1" 500 35235
0:0:0:0:0:0:0:1 - - [01/Jan/2021:18:46:33 -0600] "GET /project1/ HTTP/1.1" 200 364
0:0:0:0:0:0:0:1 - - [01/Jan/2021:18:46:48 -0600] "GET /project1/FrontController HTTP/1.1" 404 784
0:0:0:0:0:0:0:1 - - [01/Jan/2021:18:51:20 -0600] "GET /project1/FrontController HTTP/1.1" 404 784
0:0:0:0:0:0:0:1 - - [01/Jan/2021:18:54:20 -0600] "GET /project1/FrontController HTTP/1.1" 404 784
127.0.0.1 - - [01/Jan/2021:18:57:12 -0600] "GET / HTTP/1.1" 404 751
0:0:0:0:0:0:0:1 - - [01/Jan/2021:18:57:26 -0600] "GET /project1/FrontController/ HTTP/1.1" 500 80837
0:0:0:0:0:0:0:1 - - [01/Jan/2021:18:57:59 -0600] "GET /project1/FrontController HTTP/1.1" 404 784
0:0:0:0:0:0:0:1 - - [01/Jan/2021:18:58:30 -0600] "GET /project1/FrontController HTTP/1.1" 404 784
0:0:0:0:0:0:0:1 - - [01/Jan/2021:18:58:33 -0600] "GET /project1/FrontController? HTTP/1.1" 404 784
127.0.0.1 - - [01/Jan/2021:19:04:42 -0600] "GET / HTTP/1.1" 404 751
0:0:0:0:0:0:0:1 - - [01/Jan/2021:19:04:43 -0600] "GET /project1/FrontController/login HTTP/1.1" 404 789
0:0:0:0:0:0:0:1 - - [01/Jan/2021:19:04:46 -0600] "GET /project1/FrontController/login HTTP/1.1" 404 789
0:0:0:0:0:0:0:1 - - [01/Jan/2021:19:04:48 -0600] "GET /project1/FrontController/login HTTP/1.1" 404 789
0:0:0:0:0:0:0:1 - - [01/Jan/2021:19:05:03 -0600] "GET /project1/FrontController/login HTTP/1.1" 404 789
0:0:0:0:0:0:0:1 - - [01/Jan/2021:19:05:20 -0600] "GET /project1/FrontController/login HTTP/1.1" 404 789
127.0.0.1 - - [01/Jan/2021:19:05:43 -0600] "GET / HTTP/1.1" 404 751
0:0:0:0:0:0:0:1 - - [01/Jan/2021:19:05:47 -0600] "GET /project1/FrontController HTTP/1.1" 404 784
0:0:0:0:0:0:0:1 - - [01/Jan/2021:19:06:06 -0600] "GET /project1/FrontController/ HTTP/1.1" 500 8206
0:0:0:0:0:0:0:1 - - [01/Jan/2021:19:06:16 -0600] "GET /project1/FrontController/login HTTP/1.1" 500 8206
0:0:0:0:0:0:0:1 - - [01/Jan/2021:19:06:17 -0600] "GET /project1/FrontController HTTP/1.1" 404 784
0:0:0:0:0:0:0:1 - - [01/Jan/2021:19:06:26 -0600] "POST /project1/FrontController HTTP/1.1" 404 784
127.0.0.1 - - [01/Jan/2021:19:06:56 -0600] "GET / HTTP/1.1" 404 751
0:0:0:0:0:0:0:1 - - [01/Jan/2021:19:06:58 -0600] "POST /project1/FrontController HTTP/1.1" 404 784
0:0:0:0:0:0:0:1 - - [01/Jan/2021:19:07:03 -0600] "POST /project1/FrontController/ HTTP/1.1" 404 784
0:0:0:0:0:0:0:1 - - [01/Jan/2021:19:07:06 -0600] "POST /project1/FrontController/ HTTP/1.1" 404 784
0:0:0:0:0:0:0:1 - - [01/Jan/2021:19:07:08 -0600] "GET /project1/FrontController/ HTTP/1.1" 404 784
0:0:0:0:0:0:0:1 - - [01/Jan/2021:19:07:15 -0600] "GET /project1/FrontController/login HTTP/1.1" 404 789
127.0.0.1 - - [01/Jan/2021:19:07:24 -0600] "GET / HTTP/1.1" 404 751
0:0:0:0:0:0:0:1 - - [01/Jan/2021:19:07:27 -0600] "GET /project1/FrontController/login HTTP/1.1" 404 789
0:0:0:0:0:0:0:1 - - [01/Jan/2021:19:07:28 -0600] "GET /project1/FrontController/login HTTP/1.1" 404 789
0:0:0:0:0:0:0:1 - - [01/Jan/2021:19:07:29 -0600] "GET /project1/FrontController/login HTTP/1.1" 404 789
0:0:0:0:0:0:0:1 - - [01/Jan/2021:19:08:36 -0600] "GET /project1/ HTTP/1.1" 200 364
0:0:0:0:0:0:0:1 - - [01/Jan/2021:19:08:54 -0600] "POST /project1/ HTTP/1.1" 200 364
0:0:0:0:0:0:0:1 - - [01/Jan/2021:19:09:08 -0600] "GET /project1/FrontController HTTP/1.1" 404 784
127.0.0.1 - - [01/Jan/2021:19:26:10 -0600] "GET / HTTP/1.1" 404 751
0:0:0:0:0:0:0:1 - - [01/Jan/2021:19:26:23 -0600] "GET /project1/FrontController/* HTTP/1.1" 500 80429
0:0:0:0:0:0:0:1 - - [01/Jan/2021:19:26:48 -0600] "GET /project1/FrontController/ HTTP/1.1" 500 6
0:0:0:0:0:0:0:1 - - [01/Jan/2021:19:26:52 -0600] "GET /project1/FrontController HTTP/1.1" 404 784
127.0.0.1 - - [01/Jan/2021:19:46:51 -0600] "GET / HTTP/1.1" 404 751
0:0:0:0:0:0:0:1 - - [01/Jan/2021:19:47:21 -0600] "GET /project1/FrontController/FrontController/ HTTP/1.1" 500 8206
0:0:0:0:0:0:0:1 - - [01/Jan/2021:19:47:31 -0600] "GET /project1/FrontController/FrontController HTTP/1.1" 500 34962
0:0:0:0:0:0:0:1 - - [01/Jan/2021:19:47:32 -0600] "GET /project1/FrontController HTTP/1.1" 404 784
0:0:0:0:0:0:0:1 - - [01/Jan/2021:19:47:38 -0600] "GET /project1/ HTTP/1.1" 200 364
127.0.0.1 - - [01/Jan/2021:19:54:21 -0600] "GET / HTTP/1.1" 404 751
0:0:0:0:0:0:0:1 - - [01/Jan/2021:19:54:27 -0600] "GET /project1/ HTTP/1.1" 200 364
0:0:0:0:0:0:0:1 - - [01/Jan/2021:19:54:38 -0600] "GET /project1/FrontController HTTP/1.1" 200 -
0:0:0:0:0:0:0:1 - - [01/Jan/2021:19:54:55 -0600] "GET /project1/FrontController/login HTTP/1.1" 200 -
127.0.0.1 - - [01/Jan/2021:19:56:07 -0600] "GET / HTTP/1.1" 404 751
0:0:0:0:0:0:0:1 - - [01/Jan/2021:19:56:09 -0600] "GET /project1/FrontController/login HTTP/1.1" 200 -
127.0.0.1 - - [01/Jan/2021:19:56:40 -0600] "GET / HTTP/1.1" 404 751
0:0:0:0:0:0:0:1 - - [01/Jan/2021:19:56:42 -0600] "GET /project1/FrontController/login HTTP/1.1" 200 -
127.0.0.1 - - [01/Jan/2021:19:57:13 -0600] "GET / HTTP/1.1" 404 751
0:0:0:0:0:0:0:1 - - [01/Jan/2021:19:57:15 -0600] "GET /project1/FrontController/login HTTP/1.1" 200 -
127.0.0.1 - - [01/Jan/2021:19:57:39 -0600] "GET / HTTP/1.1" 404 751
0:0:0:0:0:0:0:1 - - [01/Jan/2021:19:57:41 -0600] "GET /project1/FrontController/login HTTP/1.1" 200 -
127.0.0.1 - - [01/Jan/2021:19:57:59 -0600] "GET / HTTP/1.1" 404 751
0:0:0:0:0:0:0:1 - - [01/Jan/2021:19:58:04 -0600] "GET /project1/FrontController/login HTTP/1.1" 200 -
127.0.0.1 - - [01/Jan/2021:19:59:14 -0600] "GET / HTTP/1.1" 404 751
0:0:0:0:0:0:0:1 - - [01/Jan/2021:19:59:17 -0600] "GET /project1/FrontController/login HTTP/1.1" 200 -
0:0:0:0:0:0:0:1 - - [01/Jan/2021:20:00:08 -0600] "GET /project1/FrontController/login HTTP/1.1" 200 -
0:0:0:0:0:0:0:1 - - [01/Jan/2021:20:57:24 -0600] "GET /project1/FrontController/login HTTP/1.1" 200 -
0:0:0:0:0:0:0:1 - - [01/Jan/2021:20:57:31 -0600] "POST /project1/FrontController/login HTTP/1.1" 500 1675
0:0:0:0:0:0:0:1 - - [01/Jan/2021:20:59:35 -0600] "POST /project1/FrontController/login HTTP/1.1" 500 1878
127.0.0.1 - - [01/Jan/2021:20:59:44 -0600] "GET / HTTP/1.1" 404 751
0:0:0:0:0:0:0:1 - - [01/Jan/2021:20:59:48 -0600] "POST /project1/FrontController/login HTTP/1.1" 500 1878
0:0:0:0:0:0:0:1 - - [01/Jan/2021:21:01:03 -0600] "GET /project1/FrontController/login HTTP/1.1" 200 -
0:0:0:0:0:0:0:1 - - [01/Jan/2021:21:01:10 -0600] "GET /project1/FrontController/login HTTP/1.1" 200 -
0:0:0:0:0:0:0:1 - - [01/Jan/2021:21:03:10 -0600] "GET /project1/FrontController/login?username=brandon&password=moore HTTP/1.1" 200 -
127.0.0.1 - - [01/Jan/2021:21:03:47 -0600] "GET / HTTP/1.1" 404 751
0:0:0:0:0:0:0:1 - - [01/Jan/2021:21:03:51 -0600] "GET /project1/FrontController/login?username=brandon&password=moore HTTP/1.1" 200 -
127.0.0.1 - - [01/Jan/2021:21:05:14 -0600] "GET / HTTP/1.1" 404 751
0:0:0:0:0:0:0:1 - - [01/Jan/2021:21:12:40 -0600] "POST /project1/FrontController/login?username=brandon&password=moore HTTP/1.1" 200 -
0:0:0:0:0:0:0:1 - - [01/Jan/2021:21:14:40 -0600] "POST /project1/FrontController/login?username=brandon&password=moore HTTP/1.1" 200 -
127.0.0.1 - - [01/Jan/2021:21:14:50 -0600] "GET / HTTP/1.1" 404 751
0:0:0:0:0:0:0:1 - - [01/Jan/2021:21:14:52 -0600] "POST /project1/FrontController/login?username=brandon&password=moore HTTP/1.1" 200 -
0:0:0:0:0:0:0:1 - - [01/Jan/2021:22:06:55 -0600] "POST /project1/FrontController/login?username=brandon&password=moore HTTP/1.1" 500 1813
127.0.0.1 - - [01/Jan/2021:22:07:07 -0600] "GET / HTTP/1.1" 404 751
0:0:0:0:0:0:0:1 - - [01/Jan/2021:22:07:14 -0600] "POST /project1/FrontController/login?username=brandon&password=moore HTTP/1.1" 500 1813
0:0:0:0:0:0:0:1 - - [01/Jan/2021:22:08:53 -0600] "POST /project1/FrontController/login HTTP/1.1" 500 2403
0:0:0:0:0:0:0:1 - - [01/Jan/2021:22:09:51 -0600] "POST /project1/FrontController/login HTTP/1.1" 500 2428
0:0:0:0:0:0:0:1 - - [01/Jan/2021:22:12:57 -0600] "POST /project1/FrontController/login HTTP/1.1" 500 2478
0:0:0:0:0:0:0:1 - - [01/Jan/2021:22:14:25 -0600] "POST /project1/FrontController/login HTTP/1.1" 500 2428
0:0:0:0:0:0:0:1 - - [01/Jan/2021:22:17:33 -0600] "POST /project1/FrontController/login HTTP/1.1" 200 -
127.0.0.1 - - [01/Jan/2021:22:24:07 -0600] "GET / HTTP/1.1" 404 751
0:0:0:0:0:0:0:1 - - [01/Jan/2021:22:24:11 -0600] "POST /project1/FrontController/login HTTP/1.1" 200 -
127.0.0.1 - - [01/Jan/2021:22:28:57 -0600] "GET / HTTP/1.1" 404 751
0:0:0:0:0:0:0:1 - - [01/Jan/2021:22:28:58 -0600] "GET /project1/login.html HTTP/1.1" 200 365
0:0:0:0:0:0:0:1 - - [01/Jan/2021:22:29:06 -0600] "POST /project1/FrontController HTTP/1.1" 200 -
0:0:0:0:0:0:0:1 - - [01/Jan/2021:22:29:37 -0600] "GET /project1/login.html HTTP/1.1" 200 371
0:0:0:0:0:0:0:1 - - [01/Jan/2021:22:29:52 -0600] "POST /project1/FrontController/login HTTP/1.1" 500 2403
0:0:0:0:0:0:0:1 - - [01/Jan/2021:22:41:23 -0600] "POST /project1/FrontController/login HTTP/1.1" 500 2403
0:0:0:0:0:0:0:1 - - [01/Jan/2021:22:49:55 -0600] "POST /project1/FrontController/login HTTP/1.1" 200 -
127.0.0.1 - - [01/Jan/2021:22:50:33 -0600] "GET / HTTP/1.1" 404 751
0:0:0:0:0:0:0:1 - - [01/Jan/2021:22:50:36 -0600] "POST /project1/FrontController/login HTTP/1.1" 200 -
127.0.0.1 - - [01/Jan/2021:22:51:27 -0600] "GET / HTTP/1.1" 404 751
0:0:0:0:0:0:0:1 - - [01/Jan/2021:22:51:32 -0600] "POST /project1/FrontController/login HTTP/1.1" 200 -
127.0.0.1 - - [01/Jan/2021:22:51:56 -0600] "GET / HTTP/1.1" 404 751
0:0:0:0:0:0:0:1 - - [01/Jan/2021:22:51:59 -0600] "POST /project1/FrontController/login HTTP/1.1" 200 -
127.0.0.1 - - [01/Jan/2021:22:52:59 -0600] "GET / HTTP/1.1" 404 751
0:0:0:0:0:0:0:1 - - [01/Jan/2021:22:53:03 -0600] "POST /project1/FrontController/login HTTP/1.1" 200 -
127.0.0.1 - - [01/Jan/2021:22:53:34 -0600] "GET / HTTP/1.1" 404 751
0:0:0:0:0:0:0:1 - - [01/Jan/2021:22:53:38 -0600] "POST /project1/FrontController/login HTTP/1.1" 500 1987
0:0:0:0:0:0:0:1 - - [01/Jan/2021:22:55:48 -0600] "POST /project1/FrontController/login HTTP/1.1" 500 2428
127.0.0.1 - - [01/Jan/2021:22:56:13 -0600] "GET / HTTP/1.1" 404 751
0:0:0:0:0:0:0:1 - - [01/Jan/2021:22:56:22 -0600] "POST /project1/FrontController/login HTTP/1.1" 500 2428
127.0.0.1 - - [01/Jan/2021:23:05:16 -0600] "GET / HTTP/1.1" 404 751
127.0.0.1 - - [01/Jan/2021:23:05:48 -0600] "GET / HTTP/1.1" 404 751
0:0:0:0:0:0:0:1 - - [01/Jan/2021:23:05:56 -0600] "POST /project1/FrontController/login HTTP/1.1" 200 -
127.0.0.1 - - [01/Jan/2021:23:06:17 -0600] "GET / HTTP/1.1" 404 751
0:0:0:0:0:0:0:1 - - [01/Jan/2021:23:06:23 -0600] "POST /project1/FrontController/login HTTP/1.1" 200 -
0:0:0:0:0:0:0:1 - - [01/Jan/2021:23:07:11 -0600] "POST /project1/FrontController/login HTTP/1.1" 200 -
0:0:0:0:0:0:0:1 - - [01/Jan/2021:23:08:35 -0600] "POST /project1/FrontController/login HTTP/1.1" 500 1804
0:0:0:0:0:0:0:1 - - [01/Jan/2021:23:08:55 -0600] "POST /project1/FrontController/login HTTP/1.1" 500 1804
0:0:0:0:0:0:0:1 - - [01/Jan/2021:23:09:11 -0600] "POST /project1/FrontController/login HTTP/1.1" 500 1804
0:0:0:0:0:0:0:1 - - [01/Jan/2021:23:09:25 -0600] "POST /project1/FrontController/login HTTP/1.1" 500 1804
0:0:0:0:0:0:0:1 - - [01/Jan/2021:23:09:47 -0600] "POST /project1/FrontController/login HTTP/1.1" 200 -
127.0.0.1 - - [01/Jan/2021:23:36:48 -0600] "GET / HTTP/1.1" 404 751
0:0:0:0:0:0:0:1 - - [01/Jan/2021:23:36:58 -0600] "POST /project1/FrontController/login HTTP/1.1" 200 -
0:0:0:0:0:0:0:1 - - [01/Jan/2021:23:38:51 -0600] "POST /project1/FrontController/login HTTP/1.1" 200 -
0:0:0:0:0:0:0:1 - - [01/Jan/2021:23:41:21 -0600] "POST /project1/FrontController/login HTTP/1.1" 200 -
127.0.0.1 - - [01/Jan/2021:23:48:30 -0600] "GET / HTTP/1.1" 404 751
0:0:0:0:0:0:0:1 - - [01/Jan/2021:23:48:42 -0600] "POST /project1/FrontController/login HTTP/1.1" 200 -
0:0:0:0:0:0:0:1 - - [01/Jan/2021:23:50:10 -0600] "POST /project1/FrontController/login HTTP/1.1" 200 -
