127.0.0.1 - - [02/Jan/2021:00:02:07 -0600] "GET / HTTP/1.1" 404 751
0:0:0:0:0:0:0:1 - - [02/Jan/2021:00:02:15 -0600] "POST /project1/FrontController/login HTTP/1.1" 200 -
127.0.0.1 - - [02/Jan/2021:00:03:25 -0600] "GET / HTTP/1.1" 404 751
0:0:0:0:0:0:0:1 - - [02/Jan/2021:00:03:32 -0600] "POST /project1/FrontController/login HTTP/1.1" 200 -
127.0.0.1 - - [02/Jan/2021:00:04:38 -0600] "GET / HTTP/1.1" 404 751
0:0:0:0:0:0:0:1 - - [02/Jan/2021:00:04:46 -0600] "POST /project1/FrontController/login HTTP/1.1" 200 -
127.0.0.1 - - [02/Jan/2021:00:07:08 -0600] "GET / HTTP/1.1" 404 751
0:0:0:0:0:0:0:1 - - [02/Jan/2021:00:07:12 -0600] "POST /project1/FrontController/login HTTP/1.1" 200 -
0:0:0:0:0:0:0:1 - - [02/Jan/2021:00:07:19 -0600] "POST /project1/FrontController/login HTTP/1.1" 200 -
0:0:0:0:0:0:0:1 - - [02/Jan/2021:00:07:57 -0600] "POST /project1/FrontController/login HTTP/1.1" 200 -
0:0:0:0:0:0:0:1 - - [02/Jan/2021:00:08:07 -0600] "POST /project1/FrontController/login HTTP/1.1" 200 -
0:0:0:0:0:0:0:1 - - [02/Jan/2021:00:08:21 -0600] "POST /project1/FrontController/login HTTP/1.1" 200 -
127.0.0.1 - - [02/Jan/2021:00:09:10 -0600] "GET / HTTP/1.1" 404 751
0:0:0:0:0:0:0:1 - - [02/Jan/2021:00:13:38 -0600] "POST /project1/FrontController/login HTTP/1.1" 403 -
127.0.0.1 - - [02/Jan/2021:00:16:45 -0600] "GET / HTTP/1.1" 404 751
0:0:0:0:0:0:0:1 - - [02/Jan/2021:00:16:58 -0600] "POST /project1/FrontController/login HTTP/1.1" 200 -
0:0:0:0:0:0:0:1 - - [02/Jan/2021:00:17:24 -0600] "POST /project1/FrontController/login HTTP/1.1" 200 -
127.0.0.1 - - [02/Jan/2021:00:28:07 -0600] "GET / HTTP/1.1" 404 751
0:0:0:0:0:0:0:1 - - [02/Jan/2021:00:31:37 -0600] "POST /project1/FrontController/ HTTP/1.1" 200 -
0:0:0:0:0:0:0:1 - - [02/Jan/2021:00:31:41 -0600] "POST /project1/FrontController HTTP/1.1" 200 -
0:0:0:0:0:0:0:1 - - [02/Jan/2021:00:31:51 -0600] "POST /project1/ HTTP/1.1" 200 364
0:0:0:0:0:0:0:1 - - [02/Jan/2021:00:32:00 -0600] "POST /project1/FrontController HTTP/1.1" 200 -
0:0:0:0:0:0:0:1 - - [02/Jan/2021:00:32:05 -0600] "POST /project1/FrontController/ HTTP/1.1" 200 -
0:0:0:0:0:0:0:1 - - [02/Jan/2021:00:32:14 -0600] "POST /project1/FrontController/logout HTTP/1.1" 200 -
0:0:0:0:0:0:0:1 - - [02/Jan/2021:00:32:24 -0600] "GET /project1/FrontController/logout HTTP/1.1" 200 -
0:0:0:0:0:0:0:1 - - [02/Jan/2021:00:33:14 -0600] "GET /project1/FrontController/logout HTTP/1.1" 200 -
0:0:0:0:0:0:0:1 - - [02/Jan/2021:00:33:21 -0600] "GET /project1/FrontController/logout HTTP/1.1" 200 -
0:0:0:0:0:0:0:1 - - [02/Jan/2021:00:34:48 -0600] "GET /project1/FrontController/logout/ HTTP/1.1" 200 -
0:0:0:0:0:0:0:1 - - [02/Jan/2021:00:35:00 -0600] "GET /project1/FrontController/login HTTP/1.1" 200 -
0:0:0:0:0:0:0:1 - - [02/Jan/2021:00:35:19 -0600] "GET /project1/FrontController/logout HTTP/1.1" 200 -
0:0:0:0:0:0:0:1 - - [02/Jan/2021:00:37:55 -0600] "POST /project1/FrontController/login HTTP/1.1" 500 1804
0:0:0:0:0:0:0:1 - - [02/Jan/2021:00:38:11 -0600] "POST /project1/FrontController/login HTTP/1.1" 200 -
0:0:0:0:0:0:0:1 - - [02/Jan/2021:11:43:46 -0600] "POST /project1/FrontController/logout HTTP/1.1" 200 -
0:0:0:0:0:0:0:1 - - [02/Jan/2021:11:44:13 -0600] "GET /project1/FrontController/logout HTTP/1.1" 200 -
127.0.0.1 - - [02/Jan/2021:11:44:49 -0600] "GET / HTTP/1.1" 404 751
0:0:0:0:0:0:0:1 - - [02/Jan/2021:11:44:51 -0600] "GET /project1/FrontController/logout HTTP/1.1" 200 -
127.0.0.1 - - [02/Jan/2021:11:46:02 -0600] "GET / HTTP/1.1" 404 751
0:0:0:0:0:0:0:1 - - [02/Jan/2021:11:46:04 -0600] "GET /project1/FrontController/logout HTTP/1.1" 200 -
0:0:0:0:0:0:0:1 - - [02/Jan/2021:11:46:06 -0600] "GET /project1/FrontController/logout HTTP/1.1" 200 -
127.0.0.1 - - [02/Jan/2021:11:47:21 -0600] "GET / HTTP/1.1" 404 751
0:0:0:0:0:0:0:1 - - [02/Jan/2021:11:47:24 -0600] "GET /project1/FrontController/logout HTTP/1.1" 200 -
127.0.0.1 - - [02/Jan/2021:11:48:51 -0600] "GET / HTTP/1.1" 404 751
0:0:0:0:0:0:0:1 - - [02/Jan/2021:11:49:41 -0600] "GET /project1/FrontController/logout HTTP/1.1" 200 -
0:0:0:0:0:0:0:1 - - [02/Jan/2021:11:50:31 -0600] "GET /project1/FrontController/login HTTP/1.1" 200 -
127.0.0.1 - - [02/Jan/2021:12:59:50 -0600] "GET / HTTP/1.1" 404 751
0:0:0:0:0:0:0:1 - - [02/Jan/2021:12:59:54 -0600] "GET /project1/FrontController/login HTTP/1.1" 200 -
0:0:0:0:0:0:0:1 - - [02/Jan/2021:13:00:04 -0600] "POST /project1/FrontController/login HTTP/1.1" 200 -
127.0.0.1 - - [02/Jan/2021:14:17:11 -0600] "GET / HTTP/1.1" 404 751
0:0:0:0:0:0:0:1 - - [02/Jan/2021:14:20:13 -0600] "GET /project1/FrontController/viewAll HTTP/1.1" 405 -
0:0:0:0:0:0:0:1 - - [02/Jan/2021:14:20:45 -0600] "POST /project1/FrontController/viewAll HTTP/1.1" 200 989
0:0:0:0:0:0:0:1 - - [02/Jan/2021:14:22:06 -0600] "POST /project1/FrontController/viewAll HTTP/1.1" 200 989
0:0:0:0:0:0:0:1 - - [02/Jan/2021:14:22:51 -0600] "GET /project1/FrontController/viewAll HTTP/1.1" 405 -
0:0:0:0:0:0:0:1 - - [02/Jan/2021:14:23:16 -0600] "GET /project1/FrontController/viewAll HTTP/1.1" 405 -
0:0:0:0:0:0:0:1 - - [02/Jan/2021:14:23:39 -0600] "POST /project1/FrontController/viewAll HTTP/1.1" 200 989
127.0.0.1 - - [02/Jan/2021:14:27:38 -0600] "GET / HTTP/1.1" 404 751
0:0:0:0:0:0:0:1 - - [02/Jan/2021:14:27:45 -0600] "POST /project1/FrontController/viewAll HTTP/1.1" 200 989
127.0.0.1 - - [02/Jan/2021:14:28:29 -0600] "GET / HTTP/1.1" 404 751
0:0:0:0:0:0:0:1 - - [02/Jan/2021:14:28:53 -0600] "POST /project1/FrontController/viewAll HTTP/1.1" 200 989
0:0:0:0:0:0:0:1 - - [02/Jan/2021:14:30:41 -0600] "POST /project1/FrontController/viewAllApproved HTTP/1.1" 200 248
0:0:0:0:0:0:0:1 - - [02/Jan/2021:14:31:06 -0600] "POST /project1/FrontController/viewAllDenied HTTP/1.1" 200 225
0:0:0:0:0:0:0:1 - - [02/Jan/2021:14:31:37 -0600] "POST /project1/FrontController/viewAllPending HTTP/1.1" 200 518
0:0:0:0:0:0:0:1 - - [02/Jan/2021:14:32:02 -0600] "POST /project1/FrontController/viewAllUser HTTP/1.1" 500 1417
0:0:0:0:0:0:0:1 - - [02/Jan/2021:14:34:43 -0600] "POST /project1/FrontController/viewAll HTTP/1.1" 200 989
0:0:0:0:0:0:0:1 - - [02/Jan/2021:14:35:06 -0600] "POST /project1/FrontController/viewAll HTTP/1.1" 200 989
0:0:0:0:0:0:0:1 - - [02/Jan/2021:14:35:54 -0600] "POST /project1/FrontController/viewAll HTTP/1.1" 200 989
0:0:0:0:0:0:0:1 - - [02/Jan/2021:14:36:23 -0600] "POST /project1/FrontController/viewAllUser HTTP/1.1" 200 207
0:0:0:0:0:0:0:1 - - [02/Jan/2021:14:36:33 -0600] "POST /project1/FrontController/viewAllUser HTTP/1.1" 500 1564
0:0:0:0:0:0:0:1 - - [02/Jan/2021:14:37:29 -0600] "POST /project1/FrontController/viewAllUser HTTP/1.1" 500 1560
0:0:0:0:0:0:0:1 - - [02/Jan/2021:14:37:35 -0600] "POST /project1/FrontController/viewAllUser HTTP/1.1" 500 1560
0:0:0:0:0:0:0:1 - - [02/Jan/2021:14:38:04 -0600] "POST /project1/FrontController/viewAllUser HTTP/1.1" 500 1560
0:0:0:0:0:0:0:1 - - [02/Jan/2021:14:38:19 -0600] "POST /project1/FrontController/viewAllUser HTTP/1.1" 200 207
0:0:0:0:0:0:0:1 - - [02/Jan/2021:14:38:26 -0600] "POST /project1/FrontController/viewAllUser HTTP/1.1" 200 413
0:0:0:0:0:0:0:1 - - [02/Jan/2021:14:40:26 -0600] "POST /project1/FrontController/viewAll HTTP/1.1" 200 989
0:0:0:0:0:0:0:1 - - [02/Jan/2021:14:41:16 -0600] "POST /project1/FrontController/approveTicket HTTP/1.1" 405 -
0:0:0:0:0:0:0:1 - - [02/Jan/2021:14:41:36 -0600] "POST /project1/FrontController/viewAll HTTP/1.1" 200 989
0:0:0:0:0:0:0:1 - - [02/Jan/2021:14:42:15 -0600] "PUT /project1/FrontController/approveTicket HTTP/1.1" 500 1418
127.0.0.1 - - [02/Jan/2021:14:47:49 -0600] "GET / HTTP/1.1" 404 751
0:0:0:0:0:0:0:1 - - [02/Jan/2021:14:47:54 -0600] "PUT /project1/FrontController/approveTicket HTTP/1.1" 500 1418
0:0:0:0:0:0:0:1 - - [02/Jan/2021:14:50:08 -0600] "PUT /project1/FrontController/approveTicket HTTP/1.1" 500 1418
127.0.0.1 - - [02/Jan/2021:14:53:51 -0600] "GET / HTTP/1.1" 404 751
0:0:0:0:0:0:0:1 - - [02/Jan/2021:14:53:57 -0600] "PUT /project1/FrontController/approveTicket HTTP/1.1" 500 1418
127.0.0.1 - - [02/Jan/2021:14:54:22 -0600] "GET / HTTP/1.1" 404 751
0:0:0:0:0:0:0:1 - - [02/Jan/2021:14:54:25 -0600] "POST /project1/FrontController/approveTicket HTTP/1.1" 500 1419
127.0.0.1 - - [02/Jan/2021:14:59:39 -0600] "GET / HTTP/1.1" 404 751
0:0:0:0:0:0:0:1 - - [02/Jan/2021:14:59:53 -0600] "PUT /project1/FrontController/approveTicket HTTP/1.1" 405 -
0:0:0:0:0:0:0:1 - - [02/Jan/2021:15:00:26 -0600] "POST /project1/FrontController/viewAll HTTP/1.1" 200 989
0:0:0:0:0:0:0:1 - - [02/Jan/2021:15:00:56 -0600] "PUT /project1/FrontController/approveTicket HTTP/1.1" 405 -
127.0.0.1 - - [02/Jan/2021:15:01:32 -0600] "GET / HTTP/1.1" 404 751
0:0:0:0:0:0:0:1 - - [02/Jan/2021:15:01:38 -0600] "PUT /project1/FrontController/approveTicket HTTP/1.1" 500 1418
0:0:0:0:0:0:0:1 - - [02/Jan/2021:15:01:55 -0600] "POST /project1/FrontController/viewAll HTTP/1.1" 200 989
127.0.0.1 - - [02/Jan/2021:15:03:27 -0600] "GET / HTTP/1.1" 404 751
0:0:0:0:0:0:0:1 - - [02/Jan/2021:15:03:42 -0600] "PUT /project1/FrontController/approveTicket HTTP/1.1" 500 1418
127.0.0.1 - - [02/Jan/2021:15:05:55 -0600] "GET / HTTP/1.1" 404 751
0:0:0:0:0:0:0:1 - - [02/Jan/2021:15:06:01 -0600] "PUT /project1/FrontController/approveTicket HTTP/1.1" 500 1418
0:0:0:0:0:0:0:1 - - [02/Jan/2021:15:11:02 -0600] "POST /project1/FrontController/approveTicket HTTP/1.1" 204 -
0:0:0:0:0:0:0:1 - - [02/Jan/2021:15:11:29 -0600] "POST /project1/FrontController/viewAll HTTP/1.1" 200 990
127.0.0.1 - - [02/Jan/2021:15:12:57 -0600] "GET / HTTP/1.1" 404 751
0:0:0:0:0:0:0:1 - - [02/Jan/2021:15:13:00 -0600] "POST /project1/FrontController/denyTicket HTTP/1.1" 405 -
0:0:0:0:0:0:0:1 - - [02/Jan/2021:15:13:34 -0600] "POST /project1/FrontController/viewAll HTTP/1.1" 200 990
0:0:0:0:0:0:0:1 - - [02/Jan/2021:15:13:50 -0600] "POST /project1/FrontController/denyTicket HTTP/1.1" 405 -
0:0:0:0:0:0:0:1 - - [02/Jan/2021:15:14:46 -0600] "POST /project1/FrontController/denyTicket HTTP/1.1" 405 -
127.0.0.1 - - [02/Jan/2021:15:15:16 -0600] "GET / HTTP/1.1" 404 751
0:0:0:0:0:0:0:1 - - [02/Jan/2021:15:15:21 -0600] "POST /project1/FrontController/denyTicket HTTP/1.1" 204 -
0:0:0:0:0:0:0:1 - - [02/Jan/2021:15:15:35 -0600] "POST /project1/FrontController/viewAll HTTP/1.1" 200 989
0:0:0:0:0:0:0:1 - - [02/Jan/2021:15:18:48 -0600] "POST /project1/FrontController/insertLodging HTTP/1.1" 201 -
127.0.0.1 - - [02/Jan/2021:15:19:05 -0600] "GET / HTTP/1.1" 404 751
0:0:0:0:0:0:0:1 - - [02/Jan/2021:15:19:13 -0600] "POST /project1/FrontController/insertLodging HTTP/1.1" 201 -
0:0:0:0:0:0:0:1 - - [02/Jan/2021:15:21:07 -0600] "POST /project1/FrontController/insertTravel HTTP/1.1" 201 -
0:0:0:0:0:0:0:1 - - [02/Jan/2021:15:22:24 -0600] "POST /project1/FrontController/insertFood HTTP/1.1" 201 -
0:0:0:0:0:0:0:1 - - [02/Jan/2021:15:23:31 -0600] "POST /project1/FrontController/insertOther HTTP/1.1" 201 -
127.0.0.1 - - [02/Jan/2021:16:38:49 -0600] "GET / HTTP/1.1" 404 751
0:0:0:0:0:0:0:1 - - [02/Jan/2021:16:38:50 -0600] "GET /project1/login.html HTTP/1.1" 200 364
0:0:0:0:0:0:0:1 - - [02/Jan/2021:16:39:01 -0600] "GET /project1/login.html HTTP/1.1" 200 364
0:0:0:0:0:0:0:1 - - [02/Jan/2021:17:06:47 -0600] "GET /project1/index.html HTTP/1.1" 304 -
0:0:0:0:0:0:0:1 - - [02/Jan/2021:17:06:50 -0600] "GET /project1/index.html HTTP/1.1" 304 -
0:0:0:0:0:0:0:1 - - [02/Jan/2021:17:06:55 -0600] "GET /project1/index.html HTTP/1.1" 304 -
0:0:0:0:0:0:0:1 - - [02/Jan/2021:17:07:19 -0600] "GET /project1/index.html HTTP/1.1" 304 -
0:0:0:0:0:0:0:1 - - [02/Jan/2021:21:50:17 -0600] "POST /project1/FrontController/viewAll HTTP/1.1" 200 1745
0:0:0:0:0:0:0:1 - - [02/Jan/2021:22:41:19 -0600] "POST /project1/FrontController/login HTTP/1.1" 200 -
0:0:0:0:0:0:0:1 - - [02/Jan/2021:22:58:55 -0600] "POST /project1/FrontController/login HTTP/1.1" 200 -
0:0:0:0:0:0:0:1 - - [02/Jan/2021:23:15:39 -0600] "POST /project1/FrontController/login HTTP/1.1" 500 1804
0:0:0:0:0:0:0:1 - - [02/Jan/2021:23:17:10 -0600] "POST /project1/FrontController/login HTTP/1.1" 200 -
0:0:0:0:0:0:0:1 - - [02/Jan/2021:23:17:31 -0600] "POST /project1/FrontController/login HTTP/1.1" 200 -
0:0:0:0:0:0:0:1 - - [02/Jan/2021:23:18:40 -0600] "POST /project1/FrontController/login HTTP/1.1" 200 -
0:0:0:0:0:0:0:1 - - [02/Jan/2021:23:19:39 -0600] "POST /project1/FrontController/login HTTP/1.1" 500 1804
0:0:0:0:0:0:0:1 - - [02/Jan/2021:23:23:32 -0600] "POST /project1/FrontController/login HTTP/1.1" 200 -
0:0:0:0:0:0:0:1 - - [02/Jan/2021:23:23:55 -0600] "POST /project1/FrontController/login HTTP/1.1" 500 1804
0:0:0:0:0:0:0:1 - - [02/Jan/2021:23:30:57 -0600] "POST /project1/FrontController/login HTTP/1.1" 500 1804
0:0:0:0:0:0:0:1 - - [02/Jan/2021:23:32:37 -0600] "POST /project1/FrontController/login HTTP/1.1" 500 1804
0:0:0:0:0:0:0:1 - - [02/Jan/2021:23:33:05 -0600] "POST /project1/FrontController/login HTTP/1.1" 500 1804
0:0:0:0:0:0:0:1 - - [02/Jan/2021:23:34:16 -0600] "POST /project1/FrontController/login HTTP/1.1" 200 -
0:0:0:0:0:0:0:1 - - [02/Jan/2021:23:35:21 -0600] "POST /project1/FrontController/login HTTP/1.1" 500 1804
0:0:0:0:0:0:0:1 - - [02/Jan/2021:23:38:23 -0600] "POST /project1/FrontController/login HTTP/1.1" 500 1804
0:0:0:0:0:0:0:1 - - [02/Jan/2021:23:50:39 -0600] "POST /project1/FrontController/login HTTP/1.1" 500 1804
127.0.0.1 - - [02/Jan/2021:23:57:40 -0600] "GET / HTTP/1.1" 404 751
0:0:0:0:0:0:0:1 - - [02/Jan/2021:23:58:10 -0600] "POST /project1/FrontController/login HTTP/1.1" 500 1804
0:0:0:0:0:0:0:1 - - [02/Jan/2021:23:59:46 -0600] "POST /project1/FrontController/login HTTP/1.1" 500 1804
